// Jest Snapshot v1, https://goo.gl/fbAQLP

exports[`theme settings in bento snapshot 1`] = `
<View
  collapsable={false}
  style={
    {
      "backgroundColor": "#f4f4f5",
      "flex": 1,
      "opacity": 0,
    }
  }
>
  <View
    style={
      {
        "flex": 1,
      }
    }
  >
    <View
      style={
        {
          "padding": 16,
        }
      }
    >
      <Text
        style={
          {
            "color": "#0a0a0a",
            "fontSize": 24,
            "fontWeight": "600",
          }
        }
      >
        Theme
      </Text>
      <Text
        style={
          {
            "color": "#71717a",
            "fontSize": 14,
            "marginBottom": 12,
          }
        }
      >
        Tap a card to switch instantly.
      </Text>
      <View
        style={
          {
            "flexDirection": "row",
            "flexWrap": "wrap",
            "gap": 12,
          }
        }
      >
        <View
          accessibilityLabel="Use Expyrico theme"
          accessibilityRole="radio"
          accessibilityState={
            {
              "busy": undefined,
              "checked": undefined,
              "disabled": undefined,
              "expanded": undefined,
              "selected": false,
            }
          }
          accessibilityValue={
            {
              "max": undefined,
              "min": undefined,
              "now": undefined,
              "text": undefined,
            }
          }
          accessible={true}
          collapsable={false}
          focusable={true}
          onBlur={[Function]}
          onClick={[Function]}
          onFocus={[Function]}
          onResponderGrant={[Function]}
          onResponderMove={[Function]}
          onResponderRelease={[Function]}
          onResponderTerminate={[Function]}
          onResponderTerminationRequest={[Function]}
          onStartShouldSetResponder={[Function]}
          style={
            [
              {
                "gap": 8,
                "padding": 14,
                "width": "47%",
              },
              {
                "backgroundColor": "#0b0a17",
                "borderColor": "rgba(255,255,255,0.12)",
                "borderRadius": 20,
                "borderWidth": 1,
              },
            ]
          }
          testID="theme-card-expyrico"
        >
          <View
            style={
              {
                "flexDirection": "row",
                "gap": 6,
              }
            }
          >
            <View
              style={
                [
                  {
                    "borderRadius": 6,
                    "height": 22,
                    "width": 22,
                  },
                  {
                    "backgroundColor": "#a855f7",
                  },
                ]
              }
            />
            <View
              style={
                [
                  {
                    "borderRadius": 6,
                    "height": 22,
                    "width": 22,
                  },
                  {
                    "backgroundColor": "#a5f3fc",
                  },
                ]
              }
            />
            <View
              style={
                [
                  {
                    "borderRadius": 6,
                    "height": 22,
                    "width": 22,
                  },
                  {
                    "backgroundColor": "rgba(255,255,255,0.06)",
                    "borderColor": "rgba(255,255,255,0.12)",
                    "borderWidth": 1,
                  },
                ]
              }
            />
          </View>
          <Text
            style={
              {
                "color": "#fafafa",
                "fontSize": 16,
                "fontWeight": "500",
              }
            }
          >
            Expyrico
          </Text>
          <Text
            style={
              {
                "color": "rgba(250,250,250,0.7)",
                "fontSize": 12,
              }
            }
          >
            Dark
          </Text>
        </View>
        <View
          accessibilityLabel="Use Bento Grid theme"
          accessibilityRole="radio"
          accessibilityState={
            {
              "busy": undefined,
              "checked": undefined,
              "disabled": undefined,
              "expanded": undefined,
              "selected": true,
            }
          }
          accessibilityValue={
            {
              "max": undefined,
              "min": undefined,
              "now": undefined,
              "text": undefined,
            }
          }
          accessible={true}
          collapsable={false}
          focusable={true}
          onBlur={[Function]}
          onClick={[Function]}
          onFocus={[Function]}
          onResponderGrant={[Function]}
          onResponderMove={[Function]}
          onResponderRelease={[Function]}
          onResponderTerminate={[Function]}
          onResponderTerminationRequest={[Function]}
          onStartShouldSetResponder={[Function]}
          style={
            [
              {
                "gap": 8,
                "padding": 14,
                "width": "47%",
              },
              {
                "backgroundColor": "#f4f4f5",
                "borderColor": "#0a0a0a",
                "borderRadius": 18,
                "borderWidth": 2,
              },
            ]
          }
          testID="theme-card-bento"
        >
          <View
            style={
              {
                "flexDirection": "row",
                "gap": 6,
              }
            }
          >
            <View
              style={
                [
                  {
                    "borderRadius": 6,
                    "height": 22,
                    "width": 22,
                  },
                  {
                    "backgroundColor": "#0a0a0a",
                  },
                ]
              }
            />
            <View
              style={
                [
                  {
                    "borderRadius": 6,
                    "height": 22,
                    "width": 22,
                  },
                  {
                    "backgroundColor": "#fbbf24",
                  },
                ]
              }
            />
            <View
              style={
                [
                  {
                    "borderRadius": 6,
                    "height": 22,
                    "width": 22,
                  },
                  {
                    "backgroundColor": "#ffffff",
                    "borderColor": "#e4e4e7",
                    "borderWidth": 1,
                  },
                ]
              }
            />
          </View>
          <Text
            style={
              {
                "color": "#0a0a0a",
                "fontSize": 16,
                "fontWeight": "600",
              }
            }
          >
            Bento Grid
          </Text>
          <Text
            style={
              {
                "color": "#71717a",
                "fontSize": 12,
              }
            }
          >
            Light
          </Text>
        </View>
        <View
          accessibilityLabel="Use Soft Clay theme"
          accessibilityRole="radio"
          accessibilityState={
            {
              "busy": undefined,
              "checked": undefined,
              "disabled": undefined,
              "expanded": undefined,
              "selected": false,
            }
          }
          accessibilityValue={
            {
              "max": undefined,
              "min": undefined,
              "now": undefined,
              "text": undefined,
            }
          }
          accessible={true}
          collapsable={false}
          focusable={true}
          onBlur={[Function]}
          onClick={[Function]}
          onFocus={[Function]}
          onResponderGrant={[Function]}
          onResponderMove={[Function]}
          onResponderRelease={[Function]}
          onResponderTerminate={[Function]}
          onResponderTerminationRequest={[Function]}
          onStartShouldSetResponder={[Function]}
          style={
            [
              {
                "gap": 8,
                "padding": 14,
                "width": "47%",
              },
              {
                "backgroundColor": "#fff7f0",
                "borderColor": "#fde0c2",
                "borderRadius": 22,
                "borderWidth": 1,
              },
            ]
          }
          testID="theme-card-clay"
        >
          <View
            style={
              {
                "flexDirection": "row",
                "gap": 6,
              }
            }
          >
            <View
              style={
                [
                  {
                    "borderRadius": 6,
                    "height": 22,
                    "width": 22,
                  },
                  {
                    "backgroundColor": "#ea580c",
                  },
                ]
              }
            />
            <View
              style={
                [
                  {
                    "borderRadius": 6,
                    "height": 22,
                    "width": 22,
                  },
                  {
                    "backgroundColor": "#fbbf24",
                  },
                ]
              }
            />
            <View
              style={
                [
                  {
                    "borderRadius": 6,
                    "height": 22,
                    "width": 22,
                  },
                  {
                    "backgroundColor": "#ffffff",
                    "borderColor": "#fde0c2",
                    "borderWidth": 1,
                  },
                ]
              }
            />
          </View>
          <Text
            style={
              {
                "color": "#5b3a1f",
                "fontSize": 16,
                "fontWeight": "700",
              }
            }
          >
            Soft Clay
          </Text>
          <Text
            style={
              {
                "color": "#a47148",
                "fontSize": 13,
              }
            }
          >
            Light
          </Text>
        </View>
        <View
          accessibilityLabel="Use Material You theme"
          accessibilityRole="radio"
          accessibilityState={
            {
              "busy": undefined,
              "checked": undefined,
              "disabled": undefined,
              "expanded": undefined,
              "selected": false,
            }
          }
          accessibilityValue={
            {
              "max": undefined,
              "min": undefined,
              "now": undefined,
              "text": undefined,
            }
          }
          accessible={true}
          collapsable={false}
          focusable={true}
          onBlur={[Function]}
          onClick={[Function]}
          onFocus={[Function]}
          onResponderGrant={[Function]}
          onResponderMove={[Function]}
          onResponderRelease={[Function]}
          onResponderTerminate={[Function]}
          onResponderTerminationRequest={[Function]}
          onStartShouldSetResponder={[Function]}
          style={
            [
              {
                "gap": 8,
                "padding": 14,
                "width": "47%",
              },
              {
                "backgroundColor": "#f0e8ff",
                "borderColor": "#e0e0e0",
                "borderRadius": 24,
                "borderWidth": 1,
              },
            ]
          }
          testID="theme-card-material"
        >
          <View
            style={
              {
                "flexDirection": "row",
                "gap": 6,
              }
            }
          >
            <View
              style={
                [
                  {
                    "borderRadius": 6,
                    "height": 22,
                    "width": 22,
                  },
                  {
                    "backgroundColor": "#65558f",
                  },
                ]
              }
            />
            <View
              style={
                [
                  {
                    "borderRadius": 6,
                    "height": 22,
                    "width": 22,
                  },
                  {
                    "backgroundColor": "#7c4dff",
                  },
                ]
              }
            />
            <View
              style={
                [
                  {
                    "borderRadius": 6,
                    "height": 22,
                    "width": 22,
                  },
                  {
                    "backgroundColor": "#ffffff",
                    "borderColor": "#e0e0e0",
                    "borderWidth": 1,
                  },
                ]
              }
            />
          </View>
          <Text
            style={
              {
                "color": "#1d1b20",
                "fontSize": 16,
                "fontWeight": "500",
              }
            }
          >
            Material You
          </Text>
          <Text
            style={
              {
                "color": "#65558f",
                "fontSize": 12,
              }
            }
          >
            Light
          </Text>
        </View>
      </View>
    </View>
  </View>
</View>
`;

exports[`theme settings in clay snapshot 1`] = `
<View
  collapsable={false}
  style={
    {
      "backgroundColor": "#fff7f0",
      "flex": 1,
      "opacity": 0,
    }
  }
>
  <View
    style={
      {
        "flex": 1,
      }
    }
  >
    <View
      style={
        {
          "padding": 16,
        }
      }
    >
      <Text
        style={
          {
            "color": "#5b3a1f",
            "fontSize": 26,
            "fontWeight": "700",
          }
        }
      >
        Theme
      </Text>
      <Text
        style={
          {
            "color": "#a47148",
            "fontSize": 15,
            "marginBottom": 12,
          }
        }
      >
        Tap a card to switch instantly.
      </Text>
      <View
        style={
          {
            "flexDirection": "row",
            "flexWrap": "wrap",
            "gap": 12,
          }
        }
      >
        <View
          accessibilityLabel="Use Expyrico theme"
          accessibilityRole="radio"
          accessibilityState={
            {
              "busy": undefined,
              "checked": undefined,
              "disabled": undefined,
              "expanded": undefined,
              "selected": false,
            }
          }
          accessibilityValue={
            {
              "max": undefined,
              "min": undefined,
              "now": undefined,
              "text": undefined,
            }
          }
          accessible={true}
          collapsable={false}
          focusable={true}
          onBlur={[Function]}
          onClick={[Function]}
          onFocus={[Function]}
          onResponderGrant={[Function]}
          onResponderMove={[Function]}
          onResponderRelease={[Function]}
          onResponderTerminate={[Function]}
          onResponderTerminationRequest={[Function]}
          onStartShouldSetResponder={[Function]}
          style={
            [
              {
                "gap": 8,
                "padding": 14,
                "width": "47%",
              },
              {
                "backgroundColor": "#0b0a17",
                "borderColor": "rgba(255,255,255,0.12)",
                "borderRadius": 20,
                "borderWidth": 1,
              },
            ]
          }
          testID="theme-card-expyrico"
        >
          <View
            style={
              {
                "flexDirection": "row",
                "gap": 6,
              }
            }
          >
            <View
              style={
                [
                  {
                    "borderRadius": 6,
                    "height": 22,
                    "width": 22,
                  },
                  {
                    "backgroundColor": "#a855f7",
                  },
                ]
              }
            />
            <View
              style={
                [
                  {
                    "borderRadius": 6,
                    "height": 22,
                    "width": 22,
                  },
                  {
                    "backgroundColor": "#a5f3fc",
                  },
                ]
              }
            />
            <View
              style={
                [
                  {
                    "borderRadius": 6,
                    "height": 22,
                    "width": 22,
                  },
                  {
                    "backgroundColor": "rgba(255,255,255,0.06)",
                    "borderColor": "rgba(255,255,255,0.12)",
                    "borderWidth": 1,
                  },
                ]
              }
            />
          </View>
          <Text
            style={
              {
                "color": "#fafafa",
                "fontSize": 16,
                "fontWeight": "500",
              }
            }
          >
            Expyrico
          </Text>
          <Text
            style={
              {
                "color": "rgba(250,250,250,0.7)",
                "fontSize": 12,
              }
            }
          >
            Dark
          </Text>
        </View>
        <View
          accessibilityLabel="Use Bento Grid theme"
          accessibilityRole="radio"
          accessibilityState={
            {
              "busy": undefined,
              "checked": undefined,
              "disabled": undefined,
              "expanded": undefined,
              "selected": false,
            }
          }
          accessibilityValue={
            {
              "max": undefined,
              "min": undefined,
              "now": undefined,
              "text": undefined,
            }
          }
          accessible={true}
          collapsable={false}
          focusable={true}
          onBlur={[Function]}
          onClick={[Function]}
          onFocus={[Function]}
          onResponderGrant={[Function]}
          onResponderMove={[Function]}
          onResponderRelease={[Function]}
          onResponderTerminate={[Function]}
          onResponderTerminationRequest={[Function]}
          onStartShouldSetResponder={[Function]}
          style={
            [
              {
                "gap": 8,
                "padding": 14,
                "width": "47%",
              },
              {
                "backgroundColor": "#f4f4f5",
                "borderColor": "#e4e4e7",
                "borderRadius": 18,
                "borderWidth": 1,
              },
            ]
          }
          testID="theme-card-bento"
        >
          <View
            style={
              {
                "flexDirection": "row",
                "gap": 6,
              }
            }
          >
            <View
              style={
                [
                  {
                    "borderRadius": 6,
                    "height": 22,
                    "width": 22,
                  },
                  {
                    "backgroundColor": "#0a0a0a",
                  },
                ]
              }
            />
            <View
              style={
                [
                  {
                    "borderRadius": 6,
                    "height": 22,
                    "width": 22,
                  },
                  {
                    "backgroundColor": "#fbbf24",
                  },
                ]
              }
            />
            <View
              style={
                [
                  {
                    "borderRadius": 6,
                    "height": 22,
                    "width": 22,
                  },
                  {
                    "backgroundColor": "#ffffff",
                    "borderColor": "#e4e4e7",
                    "borderWidth": 1,
                  },
                ]
              }
            />
          </View>
          <Text
            style={
              {
                "color": "#0a0a0a",
                "fontSize": 16,
                "fontWeight": "600",
              }
            }
          >
            Bento Grid
          </Text>
          <Text
            style={
              {
                "color": "#71717a",
                "fontSize": 12,
              }
            }
          >
            Light
          </Text>
        </View>
        <View
          accessibilityLabel="Use Soft Clay theme"
          accessibilityRole="radio"
          accessibilityState={
            {
              "busy": undefined,
              "checked": undefined,
              "disabled": undefined,
              "expanded": undefined,
              "selected": true,
            }
          }
          accessibilityValue={
            {
              "max": undefined,
              "min": undefined,
              "now": undefined,
              "text": undefined,
            }
          }
          accessible={true}
          collapsable={false}
          focusable={true}
          onBlur={[Function]}
          onClick={[Function]}
          onFocus={[Function]}
          onResponderGrant={[Function]}
          onResponderMove={[Function]}
          onResponderRelease={[Function]}
          onResponderTerminate={[Function]}
          onResponderTerminationRequest={[Function]}
          onStartShouldSetResponder={[Function]}
          style={
            [
              {
                "gap": 8,
                "padding": 14,
                "width": "47%",
              },
              {
                "backgroundColor": "#fff7f0",
                "borderColor": "#ea580c",
                "borderRadius": 22,
                "borderWidth": 2,
              },
            ]
          }
          testID="theme-card-clay"
        >
          <View
            style={
              {
                "flexDirection": "row",
                "gap": 6,
              }
            }
          >
            <View
              style={
                [
                  {
                    "borderRadius": 6,
                    "height": 22,
                    "width": 22,
                  },
                  {
                    "backgroundColor": "#ea580c",
                  },
                ]
              }
            />
            <View
              style={
                [
                  {
                    "borderRadius": 6,
                    "height": 22,
                    "width": 22,
                  },
                  {
                    "backgroundColor": "#fbbf24",
                  },
                ]
              }
            />
            <View
              style={
                [
                  {
                    "borderRadius": 6,
                    "height": 22,
                    "width": 22,
                  },
                  {
                    "backgroundColor": "#ffffff",
                    "borderColor": "#fde0c2",
                    "borderWidth": 1,
                  },
                ]
              }
            />
          </View>
          <Text
            style={
              {
                "color": "#5b3a1f",
                "fontSize": 16,
                "fontWeight": "700",
              }
            }
          >
            Soft Clay
          </Text>
          <Text
            style={
              {
                "color": "#a47148",
                "fontSize": 13,
              }
            }
          >
            Light
          </Text>
        </View>
        <View
          accessibilityLabel="Use Material You theme"
          accessibilityRole="radio"
          accessibilityState={
            {
              "busy": undefined,
              "checked": undefined,
              "disabled": undefined,
              "expanded": undefined,
              "selected": false,
            }
          }
          accessibilityValue={
            {
              "max": undefined,
              "min": undefined,
              "now": undefined,
              "text": undefined,
            }
          }
          accessible={true}
          collapsable={false}
          focusable={true}
          onBlur={[Function]}
          onClick={[Function]}
          onFocus={[Function]}
          onResponderGrant={[Function]}
          onResponderMove={[Function]}
          onResponderRelease={[Function]}
          onResponderTerminate={[Function]}
          onResponderTerminationRequest={[Function]}
          onStartShouldSetResponder={[Function]}
          style={
            [
              {
                "gap": 8,
                "padding": 14,
                "width": "47%",
              },
              {
                "backgroundColor": "#f0e8ff",
                "borderColor": "#e0e0e0",
                "borderRadius": 24,
                "borderWidth": 1,
              },
            ]
          }
          testID="theme-card-material"
        >
          <View
            style={
              {
                "flexDirection": "row",
                "gap": 6,
              }
            }
          >
            <View
              style={
                [
                  {
                    "borderRadius": 6,
                    "height": 22,
                    "width": 22,
                  },
                  {
                    "backgroundColor": "#65558f",
                  },
                ]
              }
            />
            <View
              style={
                [
                  {
                    "borderRadius": 6,
                    "height": 22,
                    "width": 22,
                  },
                  {
                    "backgroundColor": "#7c4dff",
                  },
                ]
              }
            />
            <View
              style={
                [
                  {
                    "borderRadius": 6,
                    "height": 22,
                    "width": 22,
                  },
                  {
                    "backgroundColor": "#ffffff",
                    "borderColor": "#e0e0e0",
                    "borderWidth": 1,
                  },
                ]
              }
            />
          </View>
          <Text
            style={
              {
                "color": "#1d1b20",
                "fontSize": 16,
                "fontWeight": "500",
              }
            }
          >
            Material You
          </Text>
          <Text
            style={
              {
                "color": "#65558f",
                "fontSize": 12,
              }
            }
          >
            Light
          </Text>
        </View>
      </View>
    </View>
  </View>
</View>
`;

exports[`theme settings in expyrico snapshot 1`] = `
<View
  collapsable={false}
  style={
    {
      "backgroundColor": "#0b0a17",
      "flex": 1,
      "opacity": 1,
    }
  }
>
  <View
    style={
      {
        "flex": 1,
      }
    }
  >
    <View
      style={
        {
          "padding": 16,
        }
      }
    >
      <Text
        style={
          {
            "color": "#fafafa",
            "fontSize": 28,
            "fontWeight": "400",
          }
        }
      >
        Theme
      </Text>
      <Text
        style={
          {
            "color": "rgba(250,250,250,0.7)",
            "fontSize": 14,
            "marginBottom": 12,
          }
        }
      >
        Tap a card to switch instantly.
      </Text>
      <View
        style={
          {
            "flexDirection": "row",
            "flexWrap": "wrap",
            "gap": 12,
          }
        }
      >
        <View
          accessibilityLabel="Use Expyrico theme"
          accessibilityRole="radio"
          accessibilityState={
            {
              "busy": undefined,
              "checked": undefined,
              "disabled": undefined,
              "expanded": undefined,
              "selected": true,
            }
          }
          accessibilityValue={
            {
              "max": undefined,
              "min": undefined,
              "now": undefined,
              "text": undefined,
            }
          }
          accessible={true}
          collapsable={false}
          focusable={true}
          onBlur={[Function]}
          onClick={[Function]}
          onFocus={[Function]}
          onResponderGrant={[Function]}
          onResponderMove={[Function]}
          onResponderRelease={[Function]}
          onResponderTerminate={[Function]}
          onResponderTerminationRequest={[Function]}
          onStartShouldSetResponder={[Function]}
          style={
            [
              {
                "gap": 8,
                "padding": 14,
                "width": "47%",
              },
              {
                "backgroundColor": "#0b0a17",
                "borderColor": "#a855f7",
                "borderRadius": 20,
                "borderWidth": 2,
              },
            ]
          }
          testID="theme-card-expyrico"
        >
          <View
            style={
              {
                "flexDirection": "row",
                "gap": 6,
              }
            }
          >
            <View
              style={
                [
                  {
                    "borderRadius": 6,
                    "height": 22,
                    "width": 22,
                  },
                  {
                    "backgroundColor": "#a855f7",
                  },
                ]
              }
            />
            <View
              style={
                [
                  {
                    "borderRadius": 6,
                    "height": 22,
                    "width": 22,
                  },
                  {
                    "backgroundColor": "#a5f3fc",
                  },
                ]
              }
            />
            <View
              style={
                [
                  {
                    "borderRadius": 6,
                    "height": 22,
                    "width": 22,
                  },
                  {
                    "backgroundColor": "rgba(255,255,255,0.06)",
                    "borderColor": "rgba(255,255,255,0.12)",
                    "borderWidth": 1,
                  },
                ]
              }
            />
          </View>
          <Text
            style={
              {
                "color": "#fafafa",
                "fontSize": 16,
                "fontWeight": "500",
              }
            }
          >
            Expyrico
          </Text>
          <Text
            style={
              {
                "color": "rgba(250,250,250,0.7)",
                "fontSize": 12,
              }
            }
          >
            Dark
          </Text>
        </View>
        <View
          accessibilityLabel="Use Bento Grid theme"
          accessibilityRole="radio"
          accessibilityState={
            {
              "busy": undefined,
              "checked": undefined,
              "disabled": undefined,
              "expanded": undefined,
              "selected": false,
            }
          }
          accessibilityValue={
            {
              "max": undefined,
              "min": undefined,
              "now": undefined,
              "text": undefined,
            }
          }
          accessible={true}
          collapsable={false}
          focusable={true}
          onBlur={[Function]}
          onClick={[Function]}
          onFocus={[Function]}
          onResponderGrant={[Function]}
          onResponderMove={[Function]}
          onResponderRelease={[Function]}
          onResponderTerminate={[Function]}
          onResponderTerminationRequest={[Function]}
          onStartShouldSetResponder={[Function]}
          style={
            [
              {
                "gap": 8,
                "padding": 14,
                "width": "47%",
              },
              {
                "backgroundColor": "#f4f4f5",
                "borderColor": "#e4e4e7",
                "borderRadius": 18,
                "borderWidth": 1,
              },
            ]
          }
          testID="theme-card-bento"
        >
          <View
            style={
              {
                "flexDirection": "row",
                "gap": 6,
              }
            }
          >
            <View
              style={
                [
                  {
                    "borderRadius": 6,
                    "height": 22,
                    "width": 22,
                  },
                  {
                    "backgroundColor": "#0a0a0a",
                  },
                ]
              }
            />
            <View
              style={
                [
                  {
                    "borderRadius": 6,
                    "height": 22,
                    "width": 22,
                  },
                  {
                    "backgroundColor": "#fbbf24",
                  },
                ]
              }
            />
            <View
              style={
                [
                  {
                    "borderRadius": 6,
                    "height": 22,
                    "width": 22,
                  },
                  {
                    "backgroundColor": "#ffffff",
                    "borderColor": "#e4e4e7",
                    "borderWidth": 1,
                  },
                ]
              }
            />
          </View>
          <Text
            style={
              {
                "color": "#0a0a0a",
                "fontSize": 16,
                "fontWeight": "600",
              }
            }
          >
            Bento Grid
          </Text>
          <Text
            style={
              {
                "color": "#71717a",
                "fontSize": 12,
              }
            }
          >
            Light
          </Text>
        </View>
        <View
          accessibilityLabel="Use Soft Clay theme"
          accessibilityRole="radio"
          accessibilityState={
            {
              "busy": undefined,
              "checked": undefined,
              "disabled": undefined,
              "expanded": undefined,
              "selected": false,
            }
          }
          accessibilityValue={
            {
              "max": undefined,
              "min": undefined,
              "now": undefined,
              "text": undefined,
            }
          }
          accessible={true}
          collapsable={false}
          focusable={true}
          onBlur={[Function]}
          onClick={[Function]}
          onFocus={[Function]}
          onResponderGrant={[Function]}
          onResponderMove={[Function]}
          onResponderRelease={[Function]}
          onResponderTerminate={[Function]}
          onResponderTerminationRequest={[Function]}
          onStartShouldSetResponder={[Function]}
          style={
            [
              {
                "gap": 8,
                "padding": 14,
                "width": "47%",
              },
              {
                "backgroundColor": "#fff7f0",
                "borderColor": "#fde0c2",
                "borderRadius": 22,
                "borderWidth": 1,
              },
            ]
          }
          testID="theme-card-clay"
        >
          <View
            style={
              {
                "flexDirection": "row",
                "gap": 6,
              }
            }
          >
            <View
              style={
                [
                  {
                    "borderRadius": 6,
                    "height": 22,
                    "width": 22,
                  },
                  {
                    "backgroundColor": "#ea580c",
                  },
                ]
              }
            />
            <View
              style={
                [
                  {
                    "borderRadius": 6,
                    "height": 22,
                    "width": 22,
                  },
                  {
                    "backgroundColor": "#fbbf24",
                  },
                ]
              }
            />
            <View
              style={
                [
                  {
                    "borderRadius": 6,
                    "height": 22,
                    "width": 22,
                  },
                  {
                    "backgroundColor": "#ffffff",
                    "borderColor": "#fde0c2",
                    "borderWidth": 1,
                  },
                ]
              }
            />
          </View>
          <Text
            style={
              {
                "color": "#5b3a1f",
                "fontSize": 16,
                "fontWeight": "700",
              }
            }
          >
            Soft Clay
          </Text>
          <Text
            style={
              {
                "color": "#a47148",
                "fontSize": 13,
              }
            }
          >
            Light
          </Text>
        </View>
        <View
          accessibilityLabel="Use Material You theme"
          accessibilityRole="radio"
          accessibilityState={
            {
              "busy": undefined,
              "checked": undefined,
              "disabled": undefined,
              "expanded": undefined,
              "selected": false,
            }
          }
          accessibilityValue={
            {
              "max": undefined,
              "min": undefined,
              "now": undefined,
              "text": undefined,
            }
          }
          accessible={true}
          collapsable={false}
          focusable={true}
          onBlur={[Function]}
          onClick={[Function]}
          onFocus={[Function]}
          onResponderGrant={[Function]}
          onResponderMove={[Function]}
          onResponderRelease={[Function]}
          onResponderTerminate={[Function]}
          onResponderTerminationRequest={[Function]}
          onStartShouldSetResponder={[Function]}
          style={
            [
              {
                "gap": 8,
                "padding": 14,
                "width": "47%",
              },
              {
                "backgroundColor": "#f0e8ff",
                "borderColor": "#e0e0e0",
                "borderRadius": 24,
                "borderWidth": 1,
              },
            ]
          }
          testID="theme-card-material"
        >
          <View
            style={
              {
                "flexDirection": "row",
                "gap": 6,
              }
            }
          >
            <View
              style={
                [
                  {
                    "borderRadius": 6,
                    "height": 22,
                    "width": 22,
                  },
                  {
                    "backgroundColor": "#65558f",
                  },
                ]
              }
            />
            <View
              style={
                [
                  {
                    "borderRadius": 6,
                    "height": 22,
                    "width": 22,
                  },
                  {
                    "backgroundColor": "#7c4dff",
                  },
                ]
              }
            />
            <View
              style={
                [
                  {
                    "borderRadius": 6,
                    "height": 22,
                    "width": 22,
                  },
                  {
                    "backgroundColor": "#ffffff",
                    "borderColor": "#e0e0e0",
                    "borderWidth": 1,
                  },
                ]
              }
            />
          </View>
          <Text
            style={
              {
                "color": "#1d1b20",
                "fontSize": 16,
                "fontWeight": "500",
              }
            }
          >
            Material You
          </Text>
          <Text
            style={
              {
                "color": "#65558f",
                "fontSize": 12,
              }
            }
          >
            Light
          </Text>
        </View>
      </View>
    </View>
  </View>
</View>
`;

exports[`theme settings in material snapshot 1`] = `
<View
  collapsable={false}
  style={
    {
      "backgroundColor": "#f0e8ff",
      "flex": 1,
      "opacity": 0,
    }
  }
>
  <View
    style={
      {
        "flex": 1,
      }
    }
  >
    <View
      style={
        {
          "padding": 16,
        }
      }
    >
      <Text
        style={
          {
            "color": "#1d1b20",
            "fontSize": 28,
            "fontWeight": "400",
          }
        }
      >
        Theme
      </Text>
      <Text
        style={
          {
            "color": "#65558f",
            "fontSize": 14,
            "marginBottom": 12,
          }
        }
      >
        Tap a card to switch instantly.
      </Text>
      <View
        style={
          {
            "flexDirection": "row",
            "flexWrap": "wrap",
            "gap": 12,
          }
        }
      >
        <View
          accessibilityLabel="Use Expyrico theme"
          accessibilityRole="radio"
          accessibilityState={
            {
              "busy": undefined,
              "checked": undefined,
              "disabled": undefined,
              "expanded": undefined,
              "selected": false,
            }
          }
          accessibilityValue={
            {
              "max": undefined,
              "min": undefined,
              "now": undefined,
              "text": undefined,
            }
          }
          accessible={true}
          collapsable={false}
          focusable={true}
          onBlur={[Function]}
          onClick={[Function]}
          onFocus={[Function]}
          onResponderGrant={[Function]}
          onResponderMove={[Function]}
          onResponderRelease={[Function]}
          onResponderTerminate={[Function]}
          onResponderTerminationRequest={[Function]}
          onStartShouldSetResponder={[Function]}
          style={
            [
              {
                "gap": 8,
                "padding": 14,
                "width": "47%",
              },
              {
                "backgroundColor": "#0b0a17",
                "borderColor": "rgba(255,255,255,0.12)",
                "borderRadius": 20,
                "borderWidth": 1,
              },
            ]
          }
          testID="theme-card-expyrico"
        >
          <View
            style={
              {
                "flexDirection": "row",
                "gap": 6,
              }
            }
          >
            <View
              style={
                [
                  {
                    "borderRadius": 6,
                    "height": 22,
                    "width": 22,
                  },
                  {
                    "backgroundColor": "#a855f7",
                  },
                ]
              }
            />
            <View
              style={
                [
                  {
                    "borderRadius": 6,
                    "height": 22,
                    "width": 22,
                  },
                  {
                    "backgroundColor": "#a5f3fc",
                  },
                ]
              }
            />
            <View
              style={
                [
                  {
                    "borderRadius": 6,
                    "height": 22,
                    "width": 22,
                  },
                  {
                    "backgroundColor": "rgba(255,255,255,0.06)",
                    "borderColor": "rgba(255,255,255,0.12)",
                    "borderWidth": 1,
                  },
                ]
              }
            />
          </View>
          <Text
            style={
              {
                "color": "#fafafa",
                "fontSize": 16,
                "fontWeight": "500",
              }
            }
          >
            Expyrico
          </Text>
          <Text
            style={
              {
                "color": "rgba(250,250,250,0.7)",
                "fontSize": 12,
              }
            }
          >
            Dark
          </Text>
        </View>
        <View
          accessibilityLabel="Use Bento Grid theme"
          accessibilityRole="radio"
          accessibilityState={
            {
              "busy": undefined,
              "checked": undefined,
              "disabled": undefined,
              "expanded": undefined,
              "selected": false,
            }
          }
          accessibilityValue={
            {
              "max": undefined,
              "min": undefined,
              "now": undefined,
              "text": undefined,
            }
          }
          accessible={true}
          collapsable={false}
          focusable={true}
          onBlur={[Function]}
          onClick={[Function]}
          onFocus={[Function]}
          onResponderGrant={[Function]}
          onResponderMove={[Function]}
          onResponderRelease={[Function]}
          onResponderTerminate={[Function]}
          onResponderTerminationRequest={[Function]}
          onStartShouldSetResponder={[Function]}
          style={
            [
              {
                "gap": 8,
                "padding": 14,
                "width": "47%",
              },
              {
                "backgroundColor": "#f4f4f5",
                "borderColor": "#e4e4e7",
                "borderRadius": 18,
                "borderWidth": 1,
              },
            ]
          }
          testID="theme-card-bento"
        >
          <View
            style={
              {
                "flexDirection": "row",
                "gap": 6,
              }
            }
          >
            <View
              style={
                [
                  {
                    "borderRadius": 6,
                    "height": 22,
                    "width": 22,
                  },
                  {
                    "backgroundColor": "#0a0a0a",
                  },
                ]
              }
            />
            <View
              style={
                [
                  {
                    "borderRadius": 6,
                    "height": 22,
                    "width": 22,
                  },
                  {
                    "backgroundColor": "#fbbf24",
                  },
                ]
              }
            />
            <View
              style={
                [
                  {
                    "borderRadius": 6,
                    "height": 22,
                    "width": 22,
                  },
                  {
                    "backgroundColor": "#ffffff",
                    "borderColor": "#e4e4e7",
                    "borderWidth": 1,
                  },
                ]
              }
            />
          </View>
          <Text
            style={
              {
                "color": "#0a0a0a",
                "fontSize": 16,
                "fontWeight": "600",
              }
            }
          >
            Bento Grid
          </Text>
          <Text
            style={
              {
                "color": "#71717a",
                "fontSize": 12,
              }
            }
          >
            Light
          </Text>
        </View>
        <View
          accessibilityLabel="Use Soft Clay theme"
          accessibilityRole="radio"
          accessibilityState={
            {
              "busy": undefined,
              "checked": undefined,
              "disabled": undefined,
              "expanded": undefined,
              "selected": false,
            }
          }
          accessibilityValue={
            {
              "max": undefined,
              "min": undefined,
              "now": undefined,
              "text": undefined,
            }
          }
          accessible={true}
          collapsable={false}
          focusable={true}
          onBlur={[Function]}
          onClick={[Function]}
          onFocus={[Function]}
          onResponderGrant={[Function]}
          onResponderMove={[Function]}
          onResponderRelease={[Function]}
          onResponderTerminate={[Function]}
          onResponderTerminationRequest={[Function]}
          onStartShouldSetResponder={[Function]}
          style={
            [
              {
                "gap": 8,
                "padding": 14,
                "width": "47%",
              },
              {
                "backgroundColor": "#fff7f0",
                "borderColor": "#fde0c2",
                "borderRadius": 22,
                "borderWidth": 1,
              },
            ]
          }
          testID="theme-card-clay"
        >
          <View
            style={
              {
                "flexDirection": "row",
                "gap": 6,
              }
            }
          >
            <View
              style={
                [
                  {
                    "borderRadius": 6,
                    "height": 22,
                    "width": 22,
                  },
                  {
                    "backgroundColor": "#ea580c",
                  },
                ]
              }
            />
            <View
              style={
                [
                  {
                    "borderRadius": 6,
                    "height": 22,
                    "width": 22,
                  },
                  {
                    "backgroundColor": "#fbbf24",
                  },
                ]
              }
            />
            <View
              style={
                [
                  {
                    "borderRadius": 6,
                    "height": 22,
                    "width": 22,
                  },
                  {
                    "backgroundColor": "#ffffff",
                    "borderColor": "#fde0c2",
                    "borderWidth": 1,
                  },
                ]
              }
            />
          </View>
          <Text
            style={
              {
                "color": "#5b3a1f",
                "fontSize": 16,
                "fontWeight": "700",
              }
            }
          >
            Soft Clay
          </Text>
          <Text
            style={
              {
                "color": "#a47148",
                "fontSize": 13,
              }
            }
          >
            Light
          </Text>
        </View>
        <View
          accessibilityLabel="Use Material You theme"
          accessibilityRole="radio"
          accessibilityState={
            {
              "busy": undefined,
              "checked": undefined,
              "disabled": undefined,
              "expanded": undefined,
              "selected": true,
            }
          }
          accessibilityValue={
            {
              "max": undefined,
              "min": undefined,
              "now": undefined,
              "text": undefined,
            }
          }
          accessible={true}
          collapsable={false}
          focusable={true}
          onBlur={[Function]}
          onClick={[Function]}
          onFocus={[Function]}
          onResponderGrant={[Function]}
          onResponderMove={[Function]}
          onResponderRelease={[Function]}
          onResponderTerminate={[Function]}
          onResponderTerminationRequest={[Function]}
          onStartShouldSetResponder={[Function]}
          style={
            [
              {
                "gap": 8,
                "padding": 14,
                "width": "47%",
              },
              {
                "backgroundColor": "#f0e8ff",
                "borderColor": "#65558f",
                "borderRadius": 24,
                "borderWidth": 2,
              },
            ]
          }
          testID="theme-card-material"
        >
          <View
            style={
              {
                "flexDirection": "row",
                "gap": 6,
              }
            }
          >
            <View
              style={
                [
                  {
                    "borderRadius": 6,
                    "height": 22,
                    "width": 22,
                  },
                  {
                    "backgroundColor": "#65558f",
                  },
                ]
              }
            />
            <View
              style={
                [
                  {
                    "borderRadius": 6,
                    "height": 22,
                    "width": 22,
                  },
                  {
                    "backgroundColor": "#7c4dff",
                  },
                ]
              }
            />
            <View
              style={
                [
                  {
                    "borderRadius": 6,
                    "height": 22,
                    "width": 22,
                  },
                  {
                    "backgroundColor": "#ffffff",
                    "borderColor": "#e0e0e0",
                    "borderWidth": 1,
                  },
                ]
              }
            />
          </View>
          <Text
            style={
              {
                "color": "#1d1b20",
                "fontSize": 16,
                "fontWeight": "500",
              }
            }
          >
            Material You
          </Text>
          <Text
            style={
              {
                "color": "#65558f",
                "fontSize": 12,
              }
            }
          >
            Light
          </Text>
        </View>
      </View>
    </View>
  </View>
</View>
`;
